// Jest Snapshot v1, https://goo.gl/fbAQLP

exports[`<Login /> rendering Match to snapshot 1`] = `
<Login
  formSubmit={[Function]}
>
  <div
    className="fix_block"
  >
    <img
      alt="site logo"
      src="logo.png"
    />
    <div
      className="login_page"
    >
      <h1>
        Login
      </h1>
      <form
        onSubmit={[Function]}
      >
        <input
          data-testid="email"
          name="email"
          onBlur={[Function]}
          onChange={[Function]}
          placeholder="loginname"
          required={true}
          type="text"
          value=""
        />
        <input
          className="login__password"
          data-testid="password"
          name="password"
          onBlur={[Function]}
          onChange={[Function]}
          placeholder="password"
          required={true}
          type="password"
          value=""
        />
        <button
          className="sn_btn"
          disabled={false}
          id="submitLoginForm"
        >
          login
        </button>
      </form>
    </div>
  </div>
</Login>
`;
