// Jest Snapshot v1, https://goo.gl/fbAQLP

exports[`<Menu /> shallow rendering Match to snapshot 1`] = `
initialize {
  "options": Object {
    "decodeEntities": true,
    "normalizeWhitespace": false,
    "withDomLvl1": true,
    "xml": false,
  },
}
`;

exports[`<Menu /> shallow rendering Match to snapshot 2`] = `
initialize {
  "options": Object {
    "decodeEntities": true,
    "normalizeWhitespace": false,
    "withDomLvl1": true,
    "xml": false,
  },
}
`;
